Change Dir: 'C:/Users/Gribor/Pictures/evilchits/vcpkg_installed/vcpkg/blds/imgui/x64-windows-rel'

Run Build Command(s): "C:/Program Files/Microsoft Visual Studio/18/Community/Common7/IDE/CommonExtensions/Microsoft/CMake/Ninja/ninja.exe" -v -v -j17 install
[1/10] C:\PROGRA~1\MICROS~1\18\COMMUN~1\VC\Tools\MSVC\1451~1.362\bin\Hostx64\x64\cl.exe   /TP  -IC:\Users\Gribor\Pictures\evilchits\vcpkg_installed\vcpkg\blds\imgui\src\v1.92.8-8e9c05eb59.clean -IC:\Users\Gribor\Pictures\evilchits\vcpkg_installed\vcpkg\blds\imgui\src\v1.92.8-8e9c05eb59.clean\test-engine /nologo /DWIN32 /D_WINDOWS /utf-8 /GR /EHsc /MP  /MD /O2 /Oi /Gy /DNDEBUG /Z7  -MD /showIncludes /FoCMakeFiles\imgui.dir\backends\imgui_impl_win32.cpp.obj /FdCMakeFiles\imgui.dir\imgui.pdb /FS -c C:\Users\Gribor\Pictures\evilchits\vcpkg_installed\vcpkg\blds\imgui\src\v1.92.8-8e9c05eb59.clean\backends\imgui_impl_win32.cpp
[2/10] C:\PROGRA~1\MICROS~1\18\COMMUN~1\VC\Tools\MSVC\1451~1.362\bin\Hostx64\x64\cl.exe   /TP  -IC:\Users\Gribor\Pictures\evilchits\vcpkg_installed\vcpkg\blds\imgui\src\v1.92.8-8e9c05eb59.clean -IC:\Users\Gribor\Pictures\evilchits\vcpkg_installed\vcpkg\blds\imgui\src\v1.92.8-8e9c05eb59.clean\test-engine /nologo /DWIN32 /D_WINDOWS /utf-8 /GR /EHsc /MP  /MD /O2 /Oi /Gy /DNDEBUG /Z7  -MD /showIncludes /FoCMakeFiles\imgui.dir\misc\cpp\imgui_stdlib.cpp.obj /FdCMakeFiles\imgui.dir\imgui.pdb /FS -c C:\Users\Gribor\Pictures\evilchits\vcpkg_installed\vcpkg\blds\imgui\src\v1.92.8-8e9c05eb59.clean\misc\cpp\imgui_stdlib.cpp
[3/10] C:\PROGRA~1\MICROS~1\18\COMMUN~1\VC\Tools\MSVC\1451~1.362\bin\Hostx64\x64\cl.exe   /TP  -IC:\Users\Gribor\Pictures\evilchits\vcpkg_installed\vcpkg\blds\imgui\src\v1.92.8-8e9c05eb59.clean -IC:\Users\Gribor\Pictures\evilchits\vcpkg_installed\vcpkg\blds\imgui\src\v1.92.8-8e9c05eb59.clean\test-engine /nologo /DWIN32 /D_WINDOWS /utf-8 /GR /EHsc /MP  /MD /O2 /Oi /Gy /DNDEBUG /Z7  -MD /showIncludes /FoCMakeFiles\imgui.dir\backends\imgui_impl_dx11.cpp.obj /FdCMakeFiles\imgui.dir\imgui.pdb /FS -c C:\Users\Gribor\Pictures\evilchits\vcpkg_installed\vcpkg\blds\imgui\src\v1.92.8-8e9c05eb59.clean\backends\imgui_impl_dx11.cpp
[4/10] C:\PROGRA~1\MICROS~1\18\COMMUN~1\VC\Tools\MSVC\1451~1.362\bin\Hostx64\x64\cl.exe   /TP  -IC:\Users\Gribor\Pictures\evilchits\vcpkg_installed\vcpkg\blds\imgui\src\v1.92.8-8e9c05eb59.clean -IC:\Users\Gribor\Pictures\evilchits\vcpkg_installed\vcpkg\blds\imgui\src\v1.92.8-8e9c05eb59.clean\test-engine /nologo /DWIN32 /D_WINDOWS /utf-8 /GR /EHsc /MP  /MD /O2 /Oi /Gy /DNDEBUG /Z7  -MD /showIncludes /FoCMakeFiles\imgui.dir\imgui_tables.cpp.obj /FdCMakeFiles\imgui.dir\imgui.pdb /FS -c C:\Users\Gribor\Pictures\evilchits\vcpkg_installed\vcpkg\blds\imgui\src\v1.92.8-8e9c05eb59.clean\imgui_tables.cpp
[5/10] C:\PROGRA~1\MICROS~1\18\COMMUN~1\VC\Tools\MSVC\1451~1.362\bin\Hostx64\x64\cl.exe   /TP  -IC:\Users\Gribor\Pictures\evilchits\vcpkg_installed\vcpkg\blds\imgui\src\v1.92.8-8e9c05eb59.clean -IC:\Users\Gribor\Pictures\evilchits\vcpkg_installed\vcpkg\blds\imgui\src\v1.92.8-8e9c05eb59.clean\test-engine /nologo /DWIN32 /D_WINDOWS /utf-8 /GR /EHsc /MP  /MD /O2 /Oi /Gy /DNDEBUG /Z7  -MD /showIncludes /FoCMakeFiles\imgui.dir\imgui_draw.cpp.obj /FdCMakeFiles\imgui.dir\imgui.pdb /FS -c C:\Users\Gribor\Pictures\evilchits\vcpkg_installed\vcpkg\blds\imgui\src\v1.92.8-8e9c05eb59.clean\imgui_draw.cpp
[6/10] C:\PROGRA~1\MICROS~1\18\COMMUN~1\VC\Tools\MSVC\1451~1.362\bin\Hostx64\x64\cl.exe   /TP  -IC:\Users\Gribor\Pictures\evilchits\vcpkg_installed\vcpkg\blds\imgui\src\v1.92.8-8e9c05eb59.clean -IC:\Users\Gribor\Pictures\evilchits\vcpkg_installed\vcpkg\blds\imgui\src\v1.92.8-8e9c05eb59.clean\test-engine /nologo /DWIN32 /D_WINDOWS /utf-8 /GR /EHsc /MP  /MD /O2 /Oi /Gy /DNDEBUG /Z7  -MD /showIncludes /FoCMakeFiles\imgui.dir\imgui_demo.cpp.obj /FdCMakeFiles\imgui.dir\imgui.pdb /FS -c C:\Users\Gribor\Pictures\evilchits\vcpkg_installed\vcpkg\blds\imgui\src\v1.92.8-8e9c05eb59.clean\imgui_demo.cpp
[7/10] C:\PROGRA~1\MICROS~1\18\COMMUN~1\VC\Tools\MSVC\1451~1.362\bin\Hostx64\x64\cl.exe   /TP  -IC:\Users\Gribor\Pictures\evilchits\vcpkg_installed\vcpkg\blds\imgui\src\v1.92.8-8e9c05eb59.clean -IC:\Users\Gribor\Pictures\evilchits\vcpkg_installed\vcpkg\blds\imgui\src\v1.92.8-8e9c05eb59.clean\test-engine /nologo /DWIN32 /D_WINDOWS /utf-8 /GR /EHsc /MP  /MD /O2 /Oi /Gy /DNDEBUG /Z7  -MD /showIncludes /FoCMakeFiles\imgui.dir\imgui_widgets.cpp.obj /FdCMakeFiles\imgui.dir\imgui.pdb /FS -c C:\Users\Gribor\Pictures\evilchits\vcpkg_installed\vcpkg\blds\imgui\src\v1.92.8-8e9c05eb59.clean\imgui_widgets.cpp
[8/10] C:\PROGRA~1\MICROS~1\18\COMMUN~1\VC\Tools\MSVC\1451~1.362\bin\Hostx64\x64\cl.exe   /TP  -IC:\Users\Gribor\Pictures\evilchits\vcpkg_installed\vcpkg\blds\imgui\src\v1.92.8-8e9c05eb59.clean -IC:\Users\Gribor\Pictures\evilchits\vcpkg_installed\vcpkg\blds\imgui\src\v1.92.8-8e9c05eb59.clean\test-engine /nologo /DWIN32 /D_WINDOWS /utf-8 /GR /EHsc /MP  /MD /O2 /Oi /Gy /DNDEBUG /Z7  -MD /showIncludes /FoCMakeFiles\imgui.dir\imgui.cpp.obj /FdCMakeFiles\imgui.dir\imgui.pdb /FS -c C:\Users\Gribor\Pictures\evilchits\vcpkg_installed\vcpkg\blds\imgui\src\v1.92.8-8e9c05eb59.clean\imgui.cpp
[9/10] C:\WINDOWS\system32\cmd.exe /C "cd . && C:\PROGRA~1\MICROS~1\18\COMMUN~1\VC\Tools\MSVC\1451~1.362\bin\Hostx64\x64\lib.exe  /machine:x64 /nologo /out:imgui.lib CMakeFiles\imgui.dir\imgui.cpp.obj CMakeFiles\imgui.dir\imgui_demo.cpp.obj CMakeFiles\imgui.dir\imgui_draw.cpp.obj CMakeFiles\imgui.dir\imgui_tables.cpp.obj CMakeFiles\imgui.dir\imgui_widgets.cpp.obj CMakeFiles\imgui.dir\misc\cpp\imgui_stdlib.cpp.obj CMakeFiles\imgui.dir\backends\imgui_impl_dx11.cpp.obj CMakeFiles\imgui.dir\backends\imgui_impl_win32.cpp.obj && cd ."
[9/10] C:\WINDOWS\system32\cmd.exe /C "cd /D C:\Users\Gribor\Pictures\evilchits\vcpkg_installed\vcpkg\blds\imgui\x64-windows-rel && C:\Users\Gribor\AppData\Local\vcpkg\downloads\tools\cmake-4.3.2-windows\cmake-4.3.2-windows-x86_64\bin\cmake.exe -P cmake_install.cmake"
-- Install configuration: "Release"
-- Installing: C:/Users/Gribor/Pictures/evilchits/vcpkg_installed/vcpkg/pkgs/imgui_x64-windows/lib/imgui.lib
-- Installing: C:/Users/Gribor/Pictures/evilchits/vcpkg_installed/vcpkg/pkgs/imgui_x64-windows/include/imgui.h
-- Installing: C:/Users/Gribor/Pictures/evilchits/vcpkg_installed/vcpkg/pkgs/imgui_x64-windows/include/imconfig.h
-- Installing: C:/Users/Gribor/Pictures/evilchits/vcpkg_installed/vcpkg/pkgs/imgui_x64-windows/include/imgui_internal.h
-- Installing: C:/Users/Gribor/Pictures/evilchits/vcpkg_installed/vcpkg/pkgs/imgui_x64-windows/include/imstb_textedit.h
-- Installing: C:/Users/Gribor/Pictures/evilchits/vcpkg_installed/vcpkg/pkgs/imgui_x64-windows/include/imstb_rectpack.h
-- Installing: C:/Users/Gribor/Pictures/evilchits/vcpkg_installed/vcpkg/pkgs/imgui_x64-windows/include/imstb_truetype.h
-- Installing: C:/Users/Gribor/Pictures/evilchits/vcpkg_installed/vcpkg/pkgs/imgui_x64-windows/include/imgui_stdlib.h
-- Installing: C:/Users/Gribor/Pictures/evilchits/vcpkg_installed/vcpkg/pkgs/imgui_x64-windows/include/imgui_impl_dx11.h
-- Installing: C:/Users/Gribor/Pictures/evilchits/vcpkg_installed/vcpkg/pkgs/imgui_x64-windows/include/imgui_impl_win32.h
-- Installing: C:/Users/Gribor/Pictures/evilchits/vcpkg_installed/vcpkg/pkgs/imgui_x64-windows/share/imgui/imgui-config.cmake
-- Installing: C:/Users/Gribor/Pictures/evilchits/vcpkg_installed/vcpkg/pkgs/imgui_x64-windows/share/imgui/imgui-targets.cmake
-- Installing: C:/Users/Gribor/Pictures/evilchits/vcpkg_installed/vcpkg/pkgs/imgui_x64-windows/share/imgui/imgui-targets-release.cmake

